<?xml version="1.0" encoding="UTF-8"?>

<expectedResult>
    <result id="1">
        <column name="EXPR$0" type="boolean">
            <row>true</row>
        </column>
    </result>
    <result id="2">
        <column name="EXPR$0" type="boolean">
            <row>false</row>
        </column>
    </result>
    <result id="3">
        <column name="EXPR$0" type="boolean">
            <row>false</row>
        </column>
    </result>
    <result id="4">
        <column name="EXPR$0" type="boolean">
            <row>false</row>
        </column>
    </result>
    <result id="5">
        <column name="EXPR$0" type="boolean">
            <row>true</row>
        </column>
    </result>
    <result id="6">
        <column name="EXPR$0" type="boolean">
            <row>false</row>
        </column>
    </result>
    <result id="7">
        <column name="EXPR$0" type="boolean">
            <row>true</row>
        </column>
    </result>
    <result id="8">
        <column name="EXPR$0" type="boolean">
            <row>false</row>
        </column>
    </result>
    <result id="9">
        <column name="EXPR$0" type="boolean">
            <row>true</row>
        </column>
    </result>
    <result id="10">
        <column name="EXPR$0" type="boolean">
            <row>false</row>
        </column>
    </result>
    <result id="11">
        <column name="EXPR$0" type="boolean">
            <row>true</row>
        </column>
    </result>
    <result id="12">
        <column name="EXPR$0" type="boolean">
            <row>false</row>
        </column>
    </result>
    <result id="13">
        <column name="EXPR$0" type="boolean">
            <row>true</row>
        </column>
    </result>
    <result id="14">
        <column name="EXPR$0" type="boolean">
            <row>false</row>
        </column>
    </result>
    <result id="15">
        <column name="EXPR$0" type="boolean">
            <row>true</row>
        </column>
    </result>
    <result id="16">
        <column name="EXPR$0" type="boolean">
            <row>true</row>
        </column>
    </result>
    <result id="17">
        <column name="EXPR$0" type="boolean">
            <row>true</row>
        </column>
    </result>
    <result id="18">
        <column name="EXPR$0" type="boolean">
            <row>false</row>
        </column>
    </result>
    <result id="19">
        <column name="EXPR$0" type="boolean">
            <row>true</row>
        </column>
    </result>
    <result id="20">
        <column name="EXPR$0" type="boolean">
            <row>false</row>
        </column>
    </result>
    <result id="21">
        <column name="EXPR$0" type="boolean">
            <row>true</row>
        </column>
    </result>
    <result id="22">
        <column name="EXPR$0" type="boolean">
            <row>false</row>
        </column>
    </result>
    <result id="23">
        <column name="EXPR$0" type="boolean">
            <row>true</row>
        </column>
    </result>
    <result id="24">
        <column name="EXPR$0" type="boolean">
            <row>false</row>
        </column>
    </result>
    <result id="25">
        <column name="EXPR$0" type="boolean">
            <row>true</row>
        </column>
    </result>
    <result id="26">
        <column name="EXPR$0" type="boolean">
            <row>true</row>
        </column>
    </result>
    <result id="27">
        <column name="EXPR$0" type="boolean">
            <row>true</row>
        </column>
    </result>
    <result id="28">
        <column name="EXPR$0" type="boolean">
            <row>true</row>
        </column>
    </result>
    <result id="29">
        <column name="EXPR$0" type="boolean">
            <row>true</row>
        </column>
    </result>
    <result id="30">
        <column name="EXPR$0" type="boolean">
            <row>false</row>
        </column>
    </result>
    <result id="31">
        <column name="EXPR$0" type="boolean">
            <row>false</row>
        </column>
    </result>
    <result id="32">
        <column name="EXPR$0" type="boolean">
            <row>false</row>
        </column>
    </result>
    <result id="33">
        <column name="EXPR$0" type="boolean">
            <row>false</row>
        </column>
    </result>
    <result id="34">
        <column name="EXPR$0" type="boolean">
            <row>true</row>
        </column>
    </result>
    <result id="35">
        <column name="EXPR$0" type="boolean">
            <row>false</row>
        </column>
    </result>
    <result id="36">
        <column name="EXPR$0" type="boolean">
            <row>true</row>
        </column>
    </result>
    <result id="37">
        <column name="EXPR$0" type="boolean">
            <row>false</row>
        </column>
    </result>
    <result id="38">
        <column name="EXPR$0" type="boolean">
            <row>false</row>
        </column>
    </result>
    <result id="39">
        <column name="EXPR$0" type="boolean">
            <row>false</row>
        </column>
    </result>
    <result id="40">
        <column name="EXPR$0" type="boolean">
            <row>true</row>
        </column>
    </result>
    <result id="41">
        <column name="EXPR$0" type="boolean">
            <row>false</row>
        </column>
    </result>
    <result id="42">
        <column name="EXPR$0" type="boolean">
            <row>true</row>
        </column>
    </result>
    <result id="43">
        <column name="EXPR$0" type="boolean">
            <row>false</row>
        </column>
    </result>
    <result id="44">
        <column name="EXPR$0" type="boolean">
            <row>true</row>
        </column>
    </result>
    <result id="45">
        <column name="EXPR$0" type="boolean">
            <row>false</row>
        </column>
    </result>
    <result id="46">
        <column name="EXPR$0" type="boolean">
            <row>true</row>
        </column>
    </result>
    <result id="47">
        <column name="EXPR$0" type="boolean">
            <row>false</row>
        </column>
    </result>
    <result id="48">
        <column name="EXPR$0" type="boolean">
            <row>true</row>
        </column>
    </result>
    <result id="49">
        <column name="EXPR$0" type="boolean">
            <row>false</row>
        </column>
    </result>
    <result id="50">
        <column name="EXPR$0" type="boolean">
            <row>true</row>
        </column>
    </result>
    <result id="51">
        <column name="EXPR$0" type="boolean">
            <row>true</row>
        </column>
    </result>
    <result id="52">
        <column name="EXPR$0" type="boolean">
            <row>false</row>
        </column>
    </result>
    <result id="53">
        <column name="EXPR$0" type="boolean">
            <row>true</row>
        </column>
    </result>
    <result id="54">
        <column name="EXPR$0" type="boolean">
            <row>false</row>
        </column>
    </result>
    <result id="55">
        <column name="EXPR$0" type="boolean">
            <row>true</row>
        </column>
    </result>
    <result id="56">
        <column name="EXPR$0" type="boolean">
            <row>false</row>
        </column>
    </result>
    <result id="57">
        <column name="EXPR$0" type="boolean">
            <row>true</row>
        </column>
    </result>
    <result id="58">
        <column name="EXPR$0" type="boolean">
            <row>false</row>
        </column>
    </result>
    <result id="59">
        <column name="EXPR$0" type="boolean">
            <row>true</row>
        </column>
    </result>
    <result id="60">
        <column name="EXPR$0" type="boolean">
            <row>false</row>
        </column>
    </result>
    <result id="61">
        <column name="EXPR$0" type="boolean">
            <row>true</row>
        </column>
    </result>
    <result id="62">
        <column name="EXPR$0" type="boolean">
            <row>false</row>
        </column>
    </result>
    <result id="63">
        <column name="EXPR$0" type="boolean">
            <row>false</row>
        </column>
    </result>
    <result id="64">
        <column name="EXPR$0" type="boolean">
            <row>true</row>
        </column>
    </result>
    <result id="65">
        <column name="EXPR$0" type="boolean">
            <row>false</row>
        </column>
    </result>
    <result id="66">
        <column name="EXPR$0" type="boolean">
            <row>true</row>
        </column>
    </result>
    <result id="67">
        <column name="EXPR$0" type="boolean">
            <row>false</row>
        </column>
    </result>
    <result id="68">
        <column name="EXPR$0" type="boolean">
            <row>true</row>
        </column>
    </result>
    <result id="69">
        <column name="EXPR$0" type="boolean">
            <row>false</row>
        </column>
    </result>
    <result id="70">
        <column name="EXPR$0" type="boolean">
            <row>true</row>
        </column>
    </result>
    <result id="71">
        <column name="EXPR$0" type="boolean">
            <row>false</row>
        </column>
    </result>
    <result id="72">
        <column name="EXPR$0" type="boolean">
            <row>true</row>
        </column>
    </result>
    <result id="73">
        <column name="EXPR$0" type="boolean">
            <row>false</row>
        </column>
    </result>
    <result id="74">
        <column name="EXPR$0" type="boolean">
            <row>true</row>
        </column>
    </result>
    <result id="75">
        <column name="EXPR$0" type="boolean">
            <row>true</row>
        </column>
    </result>
    <result id="76">
        <column name="EXPR$0" type="boolean">
            <row>false</row>
        </column>
    </result>
    <result id="77">
        <column name="EXPR$0" type="boolean">
            <row>true</row>
        </column>
    </result>
    <result id="78">
        <column name="EXPR$0" type="boolean">
            <row>false</row>
        </column>
    </result>
    <result id="79">
        <column name="EXPR$0" type="boolean">
            <row>true</row>
        </column>
    </result>
    <result id="80">
        <column name="EXPR$0" type="boolean">
            <row>false</row>
        </column>
    </result>
    <result id="81">
        <column name="EXPR$0" type="boolean">
            <row>true</row>
        </column>
    </result>
    <result id="82">
        <column name="EXPR$0" type="boolean">
            <row>false</row>
        </column>
    </result>
    <result id="83">
        <column name="EXPR$0" type="boolean">
            <row>true</row>
        </column>
    </result>
    <result id="84">
        <column name="EXPR$0" type="boolean">
            <row>false</row>
        </column>
    </result>
    <result id="85">
        <column name="EXPR$0" type="boolean">
            <row>false</row>
        </column>
    </result>
    <result id="86">
        <column name="EXPR$0" type="boolean">
            <row>false</row>
        </column>
    </result>
    <result id="87">
        <column name="EXPR$0" type="boolean">
            <row>false</row>
        </column>
    </result>
    <result id="88">
        <column name="EXPR$0" type="boolean">
            <row>true</row>
        </column>
    </result>
    <result id="89">
        <column name="EXPR$0" type="boolean">
            <row>false</row>
        </column>
    </result>
    <result id="90">
        <column name="EXPR$0" type="boolean">
            <row>false</row>
        </column>
    </result>
    <result id="91">
        <column name="EXPR$0" type="boolean">
            <row>true</row>
        </column>
    </result>
    <result id="92">
        <column name="EXPR$0" type="boolean">
            <row>false</row>
        </column>
    </result>
    <result id="93">
        <column name="EXPR$0" type="string">
            <row>FF0FFF0F2</row>
        </column>
    </result>
    <result id="94">
        <column name="EXPR$0" type="string">
            <row>0FFFFF102</row>
        </column>
    </result>
    <result id="95">
        <column name="EXPR$0" type="string">
            <row>0FFFFF212</row>
        </column>
    </result>
    <result id="96">
        <column name="EXPR$0" type="string">
            <row>FF1F00102</row>
        </column>
    </result>
    <result id="97">
        <column name="EXPR$0" type="string">
            <row>1FF00F212</row>
        </column>
    </result>
    <result id="98">
        <column name="EXPR$0" type="string">
            <row>212101212</row>
        </column>
    </result>
</expectedResult>
