<?xml version="1.0" encoding="UTF-8" ?>

<dataset>

    <sql><!-- select log(2, 2); -->
        <column name="EXPR$0" type="double"/>
        <row>1.0</row>
    </sql>

    <sql><!-- select log(2, 4); -->
        <column name="EXPR$0" type="double"/>
        <row>2.0</row>
    </sql>

    <sql><!-- select log(0, 2); -->
        <column name="EXPR$0" type="double"/>
        <row>0.0</row>
    </sql>

    <sql><!-- select abs(-100)-->
        <column name="EXPR$0" type="int"/>
        <row>100</row>
    </sql>

    <sql><!-- select abs(0)-->
        <column name="EXPR$0" type="int"/>
        <row>0</row>
    </sql>

    <sql><!-- select abs(100.123)-->
        <column name="EXPR$0" type="decimal"/>
        <row>100.123</row>
    </sql>

</dataset>
