<?xml version="1.0" encoding="UTF-8"?>

<expectedResult>
    <result id="1">
        <column name="EXPR$0" type="point">
            <row>{type=Point, coordinates=[1.0, 2.0]}</row>
        </column>
    </result>
    <result id="2">
        <column name="EXPR$0" type="linestring">
            <row>{type=LineString, coordinates=[[0.0, 1.0], [1.0, 2.0]]}</row>
        </column>
    </result>
    <result id="3">
        <column name="EXPR$0" type="multipoint">
            <row>{type=MultiPoint, coordinates=[[0.0, 1.0], [2.0, 3.0]]}</row>
        </column>
    </result>
    <result id="4">
        <column name="EXPR$0" type="geometry">
            <row>{type=Point, coordinates=[1.0, 2.0]}</row>
        </column>
    </result>
    <result id="5">
        <column name="EXPR$0" type="geometry">
            <row>{type=LineString, coordinates=[[0.0, 1.0], [1.0, 2.0]]}</row>
        </column>
    </result>
    <result id="6">
        <column name="EXPR$0" type="geometry">
            <row>{type=MultiPoint, coordinates=[[0.0, 1.0], [2.0, 3.0]]}</row>
        </column>
    </result>
    <result id="7">
        <column name="EXPR$0" type="geometry">
            <row>{type=MultiLineString, coordinates=[[[1.0, 1.0], [2.0, 2.0]], [[1.0, 2.0], [2.0, 3.0]]]}</row>
        </column>
    </result>
    <result id="8">
        <column name="EXPR$0" type="string">
            <row>{"type":"Point","coordinates":[1,2],"crs":{"type":"name","properties":{"name":"EPSG:4326"}}}</row>
        </column>
    </result>
    <result id="9">
        <column name="EXPR$0" type="string">
            <row>{"type":"LineString","coordinates":[[0.0,0.0],[1,1],[2,2]],"crs":{"type":"name","properties":{"name":"EPSG:0"}}}</row>
        </column>
    </result>
    <result id="10">
        <column name="EXPR$0" type="string">
            <row>{"type":"Polygon","coordinates":[[[0.0,0.0],[4,0.0],[4,4],[0.0,4],[0.0,0.0]]],"crs":{"type":"name","properties":{"name":"EPSG:4326"}}}</row>
        </column>
    </result>
    <result id="11">
        <column name="EXPR$0" type="string">
            <row>{"type":"MultiPoint","coordinates":[[0.0,1],[2,3]],"crs":{"type":"name","properties":{"name":"EPSG:4326"}}}</row>
        </column>
    </result>
    <result id="12">
        <column name="EXPR$0" type="string">
            <row>{"type":"MultiLineString","coordinates":[[[1,1],[2,2]],[[1,2],[2,3]]],"crs":{"type":"name","properties":{"name":"EPSG:4326"}}}</row>
        </column>
    </result>
    <result id="13">
        <column name="EXPR$0" type="string">
            <row>{"type":"MultiPolygon","coordinates":[[[[0.0,0.0],[4,0.0],[4,4],[0.0,4],[0.0,0.0]]],[[[2,2],[6,2],[6,6],[2,6],[2,2]]]],"crs":{"type":"name","properties":{"name":"EPSG:4326"}}}</row>
        </column>
    </result>
    <result id="14">
        <column name="EXPR$0" type="point">
            <row>{type=Point, coordinates=[1.0, 2.0]}</row>
        </column>
    </result>
    <result id="15">
        <column name="EXPR$0" type="point">
            <row>null</row>
        </column>
    </result>
    <result id="16">
        <column name="EXPR$0" type="point">
            <row>null</row>
        </column>
    </result>
    <result id="17">
        <column name="EXPR$0" type="linestring">
            <row>null</row>
        </column>
    </result>
    <result id="18">
        <column name="EXPR$0" type="linestring">
            <row>{type=LineString, coordinates=[[0.0, 0.0], [1.0, 1.0], [2.0, 2.0]]}</row>
        </column>
    </result>
    <result id="19">
        <column name="EXPR$0" type="linestring">
            <row>null</row>
        </column>
    </result>
    <result id="20">
        <column name="EXPR$0" type="polygon">
            <row>null</row>
        </column>
    </result>
    <result id="21">
        <column name="EXPR$0" type="polygon">
            <row>null</row>
        </column>
    </result>
    <result id="22">
        <column name="EXPR$0" type="multipoint">
            <row>{type=MultiPoint, coordinates=[[3.5, 5.6], [4.8, 10.5]]}</row>
        </column>
    </result>
    <result id="23">
        <column name="EXPR$0" type="multipoint">
            <row>null</row>
        </column>
    </result>
    <result id="24">
        <column name="EXPR$0" type="multipoint">
            <row>null</row>
        </column>
    </result>
    <result id="25">
        <column name="EXPR$0" type="multilinestring">
            <row>{type=MultiLineString, coordinates=[[[3.0, 4.0], [10.0, 50.0], [20.0, 25.0]], [[-5.0, -8.0], [-10.0, -8.0], [-15.0, -4.0]]]}</row>
        </column>
    </result>
    <result id="26">
        <column name="EXPR$0" type="multilinestring">
            <row>null</row>
        </column>
    </result>
    <result id="27">
        <column name="EXPR$0" type="multilinestring">
            <row>null</row>
        </column>
    </result>
    <result id="28">
        <column name="EXPR$0" type="multipolygon">
            <row>null</row>
        </column>
    </result>
    <result id="29">
        <column name="EXPR$0" type="geometry">
            <row>{type=Point, coordinates=[1.0, 2.0]}</row>
        </column>
    </result>
    <result id="30">
        <column name="EXPR$0" type="geometry">
            <row>{type=LineString, coordinates=[[0.0, 0.0], [1.0, 1.0], [2.0, 2.0]]}</row>
        </column>
    </result>
    <result id="31">
        <column name="EXPR$0" type="geometry">
            <row>{type=MultiPoint, coordinates=[[3.5, 5.6], [4.8, 10.5]]}</row>
        </column>
    </result>
    <result id="32">
        <column name="EXPR$0" type="geometry">
            <row>{type=MultiLineString, coordinates=[[[3.0, 4.0], [10.0, 50.0], [20.0, 25.0]], [[-5.0, -8.0], [-10.0, -8.0], [-15.0, -4.0]]]}</row>
        </column>
    </result>
    <result id="33">
        <column name="EXPR$0" type="string">
            <row>POINT (1 2)</row>
        </column>
    </result>
    <result id="34">
        <column name="EXPR$0" type="string">
            <row>LINESTRING (0 0, 1 1, 2 2)</row>
        </column>
    </result>
    <result id="35">
        <column name="EXPR$0" type="string">
            <row>POLYGON ((0 0, 4 0, 4 4, 0 4, 0 0))</row>
        </column>
    </result>
    <result id="36">
        <column name="EXPR$0" type="string">
            <row>MULTIPOINT ((0 1), (2 3))</row>
        </column>
    </result>
    <result id="37">
        <column name="EXPR$0" type="string">
            <row>MULTILINESTRING ((1 1, 2 2), (1 2, 2 3))</row>
        </column>
    </result>
    <result id="38">
        <column name="EXPR$0" type="string">
            <row>MULTIPOLYGON (((0 0, 4 0, 4 4, 0 4, 0 0)), ((2 2, 6 2, 6 6, 2 6, 2 2)))</row>
        </column>
    </result>
    <result id="39">
        <column name="EXPR$0" type="point">
            <row>{type=Point, coordinates=[1.0, 2.0]}</row>
        </column>
    </result>
    <result id="40">
        <column name="EXPR$0" type="point">
            <row>null</row>
        </column>
    </result>
    <result id="41">
        <column name="EXPR$0" type="linestring">
            <row>null</row>
        </column>
    </result>
    <result id="42">
        <column name="EXPR$0" type="linestring">
            <row>{type=LineString, coordinates=[[0.0, 0.0], [1.0, 1.0], [2.0, 2.0]]}</row>
        </column>
    </result>
    <result id="43">
        <column name="EXPR$0" type="polygon">
            <row>null</row>
        </column>
    </result>
    <result id="44">
        <column name="EXPR$0" type="multipoint">
            <row>null</row>
        </column>
    </result>
    <result id="45">
        <column name="EXPR$0" type="multipoint">
            <row>{type=MultiPoint, coordinates=[[0.0, 1.0], [2.0, 3.0]]}</row>
        </column>
    </result>
    <result id="46">
        <column name="EXPR$0" type="multilinestring">
            <row>null</row>
        </column>
    </result>
    <result id="47">
        <column name="EXPR$0" type="multilinestring">
            <row>{type=MultiLineString, coordinates=[[[1.0, 1.0], [2.0, 2.0]], [[1.0, 2.0], [2.0, 3.0]]]}</row>
        </column>
    </result>
    <result id="48">
        <column name="EXPR$0" type="multipolygon">
            <row>null</row>
        </column>
    </result>
    <result id="49">
        <column name="EXPR$0" type="geometry">
            <row>{type=Point, coordinates=[1.0, 2.0]}</row>
        </column>
    </result>
    <result id="50">
        <column name="EXPR$0" type="geometry">
            <row>{type=MultiPoint, coordinates=[[0.0, 1.0], [2.0, 3.0]]}</row>
        </column>
    </result>
    <result id="51">
        <column name="EXPR$0" type="geometry">
            <row>{type=LineString, coordinates=[[0.0, 0.0], [1.0, 1.0], [2.0, 2.0]]}</row>
        </column>
    </result>
    <result id="52">
        <column name="EXPR$0" type="geometry">
            <row>{type=MultiLineString, coordinates=[[[1.0, 1.0], [2.0, 2.0]], [[1.0, 2.0], [2.0, 3.0]]]}</row>
        </column>
    </result>
    <result id="53">
        <column name="EXPR$0" type="binary">
            <row>[B@7dcbcede</row>
        </column>
    </result>
    <result id="54">
        <column name="EXPR$0" type="binary">
            <row>[B@353ab9e5</row>
        </column>
    </result>
    <result id="55">
        <column name="EXPR$0" type="binary">
            <row>[B@16db70a0</row>
        </column>
    </result>
    <result id="56">
        <column name="EXPR$0" type="binary">
            <row>[B@7ece1800</row>
        </column>
    </result>
    <result id="57">
        <column name="EXPR$0" type="binary">
            <row>[B@64010508</row>
        </column>
    </result>
    <result id="58">
        <column name="EXPR$0" type="binary">
            <row>[B@6cbd57fa</row>
        </column>
    </result>
    <result id="59">
        <column name="EXPR$0" type="point">
            <row>{type=Point, coordinates=[-5.60302734375, 42.60498046875]}</row>
        </column>
    </result>
    <result id="66">
        <column name="EXPR$0" type="string">
            <row>s02equ</row>
        </column>
    </result>
    <result id="67">
        <column name="EXPR$0" type="string">
            <row>s00twy</row>
        </column>
    </result>
    <result id="68">
        <column name="EXPR$0" type="string">
            <row>s037ms</row>
        </column>
    </result>
    <result id="69">
        <column name="EXPR$0" type="string">
            <row>s02equ</row>
        </column>
    </result>
    <result id="70">
        <column name="EXPR$0" type="string">
            <row>s0356h</row>
        </column>
    </result>
    <result id="71">
        <column name="EXPR$0" type="string">
            <row>s0d1h6</row>
        </column>
    </result>
    <result id="72">
        <column name="EXPR$0" type="point">
            <row>{type=Point, coordinates=[1.0, 1.0]}</row>
        </column>
    </result>
    <result id="73">
        <column name="EXPR$0" type="point">
            <row>null</row>
        </column>
    </result>
    <result id="74">
        <column name="EXPR$0" type="linestring">
            <row>null</row>
        </column>
    </result>
    <result id="75">
        <column name="EXPR$0" type="linestring">
            <row>{type=LineString, coordinates=[[0.0, 0.0], [1.0, 1.0], [2.0, 2.0]]}</row>
        </column>
    </result>
    <result id="76">
        <column name="EXPR$0" type="polygon">
            <row>null</row>
        </column>
    </result>
    <result id="77">
        <column name="EXPR$0" type="multipoint">
            <row>null</row>
        </column>
    </result>
    <result id="78">
        <column name="EXPR$0" type="multipoint">
            <row>{type=MultiPoint, coordinates=[[0.0, 1.0], [2.0, 3.0]]}</row>
        </column>
    </result>
    <result id="79">
        <column name="EXPR$0" type="multilinestring">
            <row>null</row>
        </column>
    </result>
    <result id="80">
        <column name="EXPR$0" type="multilinestring">
            <row>{type=MultiLineString, coordinates=[[[1.0, 1.0], [2.0, 2.0]], [[1.0, 2.0], [2.0, 3.0]]]}</row>
        </column>
    </result>
    <result id="81">
        <column name="EXPR$0" type="multipolygon">
            <row>null</row>
        </column>
    </result>
    <result id="82">
        <column name="EXPR$0" type="geometry">
            <row>{type=Point, coordinates=[1.0, 2.0]}</row>
        </column>
    </result>
    <result id="83">
        <column name="EXPR$0" type="geometry">
            <row>{type=MultiPoint, coordinates=[[0.0, 1.0], [2.0, 3.0]]}</row>
        </column>
    </result>
    <result id="84">
        <column name="EXPR$0" type="geometry">
            <row>{type=LineString, coordinates=[[0.0, 0.0], [1.0, 1.0], [2.0, 2.0]]}</row>
        </column>
    </result>
    <result id="85">
        <column name="EXPR$0" type="geometry">
            <row>{type=MultiLineString, coordinates=[[[1.0, 1.0], [2.0, 2.0]], [[1.0, 2.0], [2.0, 3.0]]]}</row>
        </column>
    </result>
</expectedResult>
