<?xml version="1.0" encoding="UTF-8"?>

<expectedResult>
    <result id="1">
        <column name="EXPR$0" type="string">
            <row>bd-dipuc</row>
        </column>
    </result>
    <result id="2">
        <column name="EXPR$0" type="string">
            <row>null</row>
        </column>
    </result>
    <result id="3">
        <column name="EXPR$0" type="char">
            <row>START-DB</row>
        </column>
    </result>
    <result id="4">
        <column name="EXPR$0" type="char">
            <row>start-db</row>
        </column>
    </result>
    <result id="5">
        <column name="EXPR$0" type="string">
            <row>start</row>
        </column>
    </result>
    <result id="6">
        <column name="EXPR$0" type="string">
            <row>start - db</row>
        </column>
    </result>
    <result id="7">
        <column name="EXPR$0" type="string">
            <row></row>
        </column>
    </result>
    <result id="8">
        <column name="EXPR$0" type="string">
            <row>null</row>
        </column>
    </result>
    <result id="9">
        <column name="EXPR$0" type="string">
            <row>start - db</row>
        </column>
    </result>
    <result id="10">
        <column name="EXPR$0" type="string">
            <row>null</row>
        </column>
    </result>
    <result id="11">
        <column name="EXPR$0" type="string">
            <row>start - db</row>
        </column>
    </result>
    <result id="12">
        <column name="EXPR$0" type="string">
            <row>null</row>
        </column>
    </result>
    <result id="13">
        <column name="EXPR$0" type="string">
            <row>start-db</row>
        </column>
    </result>
    <result id="14">
        <column name="EXPR$0" type="string">
            <row>null</row>
        </column>
    </result>
    <result id="15">
        <column name="EXPR$0" type="string">
            <row>start-db</row>
        </column>
    </result>
    <result id="16">
        <column name="EXPR$0" type="string">
            <row>cup</row>
        </column>
    </result>
    <result id="17">
        <column name="EXPR$0" type="string">
            <row>start-db</row>
        </column>
    </result>
    <result id="18">
        <column name="EXPR$0" type="string">
            <row>cup</row>
        </column>
    </result>
    <result id="19">
        <column name="EXPR$0" type="int">
            <row>8</row>
        </column>
    </result>
    <result id="20">
        <column name="EXPR$0" type="int">
            <row>null</row>
        </column>
    </result>
    <result id="21">
        <column name="EXPR$0" type="int">
            <row>8</row>
        </column>
    </result>
    <result id="22">
        <column name="EXPR$0" type="int">
            <row>null</row>
        </column>
    </result>
    <result id="23">
        <column name="EXPR$0" type="int">
            <row>7</row>
        </column>
    </result>
    <result id="24">
        <column name="EXPR$0" type="int">
            <row>0</row>
        </column>
    </result>
    <result id="25">
        <column name="EXPR$0" type="int">
            <row>null</row>
        </column>
    </result>
    <result id="26">
        <column name="EXPR$0" type="any">
            <row>5</row>
        </column>
    </result>
    <result id="27">
        <column name="EXPR$0" type="any">
            <row>7</row>
        </column>
    </result>
    <result id="28">
        <column name="EXPR$0" type="string">
            <row>B3F66BF573050BF2EB793DB905441E17</row>
        </column>
    </result>
</expectedResult>
